(0, 'id', 'INTEGER', 0, None, 1)
(1, 'event_id', 'INTEGER', 1, None, 0)
(2, 'division', 'TEXT', 0, None, 0)
(3, 'role', 'TEXT', 0, None, 0)
(4, 'country', 'TEXT', 0, None, 0)
(5, 'name_kor', 'TEXT', 0, None, 0)
(6, 'affiliation_kor', 'TEXT', 0, None, 0)
(7, 'department_kor', 'TEXT', 0, None, 0)
(8, 'first_name', 'TEXT', 0, None, 0)
(9, 'family_name', 'TEXT', 0, None, 0)
(10, 'affiliation_eng', 'TEXT', 0, None, 0)
(11, 'department_eng', 'TEXT', 0, None, 0)
(12, 'accept_or_decline', 'TEXT', 0, None, 0)
(13, 'email', 'TEXT', 0, None, 0)
(14, 'phone', 'TEXT', 0, None, 0)
(15, 'position', 'TEXT', 0, None, 0)
(16, 'license_number', 'TEXT', 0, None, 0)
(17, 'cv', 'TEXT', 0, None, 0)
(18, 'photo', 'TEXT', 0, None, 0)
(19, 'ppt', 'TEXT', 0, None, 0)
(20, 'script', 'TEXT', 0, None, 0)
(21, 'agree', 'TEXT', 0, None, 0)
(22, 'remark_user', 'TEXT', 0, None, 0)
(23, 'remark_admin', 'TEXT', 0, None, 0)
(24, 'check_in_time', 'TEXT', 0, None, 0)
(25, 'check_out_time', 'TEXT', 0, None, 0)
Database schema checked and updated if necessary!
 * Serving Flask app 'app'
 * Debug mode: on
INFO:werkzeug:[31m[1mWARNING: This is a development server. Do not use it in a production deployment. Use a production WSGI server instead.[0m
 * Running on http://127.0.0.1:5000
INFO:werkzeug:[33mPress CTRL+C to quit[0m
INFO:werkzeug: * Restarting with stat
WARNING:werkzeug: * Debugger is active!
INFO:werkzeug: * Debugger PIN: 131-567-696
(0, 'id', 'INTEGER', 0, None, 1)
(1, 'event_id', 'INTEGER', 1, None, 0)
(2, 'division', 'TEXT', 0, None, 0)
(3, 'role', 'TEXT', 0, None, 0)
(4, 'country', 'TEXT', 0, None, 0)
(5, 'name_kor', 'TEXT', 0, None, 0)
(6, 'affiliation_kor', 'TEXT', 0, None, 0)
(7, 'department_kor', 'TEXT', 0, None, 0)
(8, 'first_name', 'TEXT', 0, None, 0)
(9, 'family_name', 'TEXT', 0, None, 0)
(10, 'affiliation_eng', 'TEXT', 0, None, 0)
(11, 'department_eng', 'TEXT', 0, None, 0)
(12, 'accept_or_decline', 'TEXT', 0, None, 0)
(13, 'email', 'TEXT', 0, None, 0)
(14, 'phone', 'TEXT', 0, None, 0)
(15, 'position', 'TEXT', 0, None, 0)
(16, 'license_number', 'TEXT', 0, None, 0)
(17, 'cv', 'TEXT', 0, None, 0)
(18, 'photo', 'TEXT', 0, None, 0)
(19, 'ppt', 'TEXT', 0, None, 0)
(20, 'script', 'TEXT', 0, None, 0)
(21, 'agree', 'TEXT', 0, None, 0)
(22, 'remark_user', 'TEXT', 0, None, 0)
(23, 'remark_admin', 'TEXT', 0, None, 0)
(24, 'check_in_time', 'TEXT', 0, None, 0)
(25, 'check_out_time', 'TEXT', 0, None, 0)
Database schema checked and updated if necessary!
